// Jest Snapshot v1, https://goo.gl/fbAQLP

exports[`Creating Tile matches Snapshot 1`] = `
<div
  className="tile rotate-0"
>
  <img
    alt="Tile"
    onClick={[Function]}
    src="/img/Empty_Tile.png"
  />
</div>
`;
